// Jest Snapshot v1, https://goo.gl/fbAQLP

exports[`Testing the output of the timeline head component 1`] = `
<h2>
   
  Title for testing
  , starts at: 
  17-11-2019 06:00
   
</h2>
`;
